🚀 wa-engine dimulai...
🚀 wa-engine dimulai...
🔒 Pengiriman personal WA dinonaktifkan oleh safety lock. Laporan grup tetap tersedia.
🔄  Internal API siap di http://127.0.0.1:3070
✅  WA terhubung — nomor: 6285139324878
🚀 wa-engine dimulai...
🔒 Pengiriman personal WA dinonaktifkan oleh safety lock. Laporan grup tetap tersedia.
🔄  Internal API siap di http://127.0.0.1:3070
✅  WA terhubung — nomor: 6285139324878
🚀 wa-engine dimulai...
🔒 Pengiriman personal WA dinonaktifkan oleh safety lock. Laporan grup tetap tersedia.
🔄  Internal API siap di http://127.0.0.1:3070
✅  WA terhubung — nomor: 6285139324878
⚠️   Terputus (503). Reconnect: true, delay: 6000ms
✅  WA terhubung — nomor: 6285139324878
⚠️   Terputus (503). Reconnect: true, delay: 6000ms
✅  WA terhubung — nomor: 6285139324878
⚠️   Terputus (503). Reconnect: true, delay: 6000ms
✅  WA terhubung — nomor: 6285139324878
⚠️   Terputus (503). Reconnect: true, delay: 6000ms
✅  WA terhubung — nomor: 6285139324878
⚠️   Terputus (503). Reconnect: true, delay: 6000ms
✅  WA terhubung — nomor: 6285139324878
